    Finished `test` profile [unoptimized + debuginfo] target(s) in 0.06s
     Running unittests src/lib.rs (target/debug/deps/jam_rs-d7863ed50061e6ed)

running 24 tests
test core_utils::tests::test_gc_categorization ... ok
test core_utils::tests::test_length_categorization ... ok
test core_utils::tests::test_metadata_packing ... ok
test core_utils::tests::test_shannon_entropy ... ok
test core_utils::tests::test_top_n_collector ... ok
test distance::tests::test_categories_match_logic ... ok
test distance::tests::test_cutoff_filtering ... ok
test distance::tests::test_distance_calculation_from_counters ... ok
test distance::tests::test_distance_config_creation ... ok
test distance::tests::test_distance_result_creation ... ok
test distance::tests::test_edge_cases ... ok
test distance::tests::test_fasta_parsing ... ok
test distance::tests::test_file_format_detection ... ok
test distance::tests::test_json_output ... ok
test distance::tests::test_length_category_mode_variants ... ok
test distance::tests::test_output_format_variants ... ok
test distance::tests::test_sequence_metadata_calculation ... ok
test distance::tests::test_target_counters_default ... ok
test distance::tests::test_target_counters_increment ... ok
test distance::tests::test_tsv_output ... ok
test hash_functions::tests::test_ahash ... ok
test sketch::tests::test_sketch_simple_sequence ... ok
test writer::tests::test_lmdb_writer_memory_only ... ok
test writer::tests::test_lmdb_writer_with_temp_files ... ok

test result: ok. 24 passed; 0 failed; 0 ignored; 0 measured; 0 filtered out; finished in 0.01s

     Running unittests src/main.rs (target/debug/deps/jam-700a94da276cf3aa)

running 0 tests

test result: ok. 0 passed; 0 failed; 0 ignored; 0 measured; 0 filtered out; finished in 0.00s

     Running tests/advanced_tests.rs (target/debug/deps/advanced_tests-b591dfe27fa21c8f)

running 0 tests

test result: ok. 0 passed; 0 failed; 0 ignored; 0 measured; 0 filtered out; finished in 0.00s

     Running tests/coverage_tests.rs (target/debug/deps/coverage_tests-dccd0c0f628985b0)

running 16 tests
test test_expand_input_paths_broken_symlinks ... ok
test test_expand_input_paths_compressed_files ... ok
test test_expand_input_paths_directory_with_subdirs ... ok
test test_expand_input_paths_duplicate_files ... ok
test test_expand_input_paths_empty_file_list ... ok
test test_expand_input_paths_file_list_with_comments ... ok
test test_expand_input_paths_io_errors ... ok
test test_expand_input_paths_large_number_of_files ... ok
test test_expand_input_paths_mixed_valid_invalid ... ok
test test_expand_input_paths_permission_denied_directory ... ok
test test_expand_input_paths_relative_paths ... ok
test test_expand_input_paths_special_filenames ... ok
test test_expand_input_paths_symlinks ... ok
test test_expand_input_paths_unicode_filenames ... ok
test test_expand_input_paths_very_long_path ... ok
test test_is_sequence_file_edge_cases ... ok

test result: ok. 16 passed; 0 failed; 0 ignored; 0 measured; 0 filtered out; finished in 0.01s

     Running tests/handle_function_tests.rs (target/debug/deps/handle_function_tests-5e77c9005383e3fa)

running 25 tests
test test_handle_distance_command_basic ... query	target	containment_query_in_target	containment_target_in_query	jaccard	filtered_containment_query_in_target	filtered_containment_target_in_query	filtered_jaccard	shared_hashes	filtered_shared_hashes	query_hashes	target_hashes
tests/testfiles/short.fa	1 sequences	1.000000	1.000000	1.000000	1.000000	1.000000	1.000000	479	479	479	479
ok
test test_handle_distance_command_edge_cutoffs ... query	target	containment_query_in_target	containment_target_in_query	jaccard	filtered_containment_query_in_target	filtered_containment_target_in_query	filtered_jaccard	shared_hashes	filtered_shared_hashes	query_hashes	target_hashes
tests/testfiles/short.fa	1 sequences	1.000000	1.000000	1.000000	1.000000	1.000000	1.000000	479	479	479	479
query	target	containment_query_in_target	containment_target_in_query	jaccard	filtered_containment_query_in_target	filtered_containment_target_in_query	filtered_jaccard	shared_hashes	filtered_shared_hashes	query_hashes	target_hashes
tests/testfiles/short.fa	1 sequences	1.000000	1.000000	1.000000	1.000000	1.000000	1.000000	479	479	479	479
ok
test test_handle_distance_command_invalid_cutoff ... ok
test test_handle_distance_command_nonexistent_database ... ok
test test_handle_distance_command_nonexistent_input ... ok
test test_handle_distance_command_singleton_mode ... query	target	containment_query_in_target	containment_target_in_query	jaccard	filtered_containment_query_in_target	filtered_containment_target_in_query	filtered_jaccard	shared_hashes	filtered_shared_hashes	query_hashes	target_hashes
Acinetobacter_guillouiae_strain_NBRC_110550_NZ_AP014630 [modified]	Acinetobacter_guillouiae_strain_NBRC_110550_NZ_AP014630 [modified]	1.000000	1.000000	1.000000	1.000000	1.000000	1.000000	479	479	479	479
ok
test test_handle_distance_command_with_output_file ... ok
test test_handle_sketch_command_all_parameters ... ok
test test_handle_sketch_command_basic ... ok
test test_handle_sketch_command_existing_output_no_force ... ok
test test_handle_sketch_command_existing_output_with_force ... ok
test test_handle_sketch_command_invalid_kmer_size ... ok
test test_handle_sketch_command_multiple_input_files ... ok
test test_handle_sketch_command_multiple_threads ... ok
test test_handle_sketch_command_output_to_directory ... ok
test test_handle_sketch_command_singleton_mode ... ok
test test_handle_sketch_command_with_fscale ... ok
test test_handle_sketch_command_with_nmax ... ok
test test_handle_stats_command_basic ... ignored
test test_handle_stats_command_nonexistent_input ... ok
test test_handle_stats_command_short_format ... ignored
test test_is_sequence_file_case_insensitive ... ok
test test_is_sequence_file_invalid_extensions ... ok
test test_is_sequence_file_no_extension ... ok
test test_is_sequence_file_valid_extensions ... ok

test result: ok. 23 passed; 0 failed; 2 ignored; 0 measured; 0 filtered out; finished in 0.03s

     Running tests/hash_statistics.rs (target/debug/deps/hash_statistics-1669dc93fc9cdc36)

running 2 tests
test run_ks ... ok
test test_bit_distribution ... ok

test result: ok. 2 passed; 0 failed; 0 ignored; 0 measured; 0 filtered out; finished in 32.48s

     Running tests/lib_unit_tests.rs (target/debug/deps/lib_unit_tests-f4adc77f10162f45)

running 13 tests
test handle_function_tests::test_expand_paths_case_insensitive_extensions ... ok
test handle_function_tests::test_expand_paths_file_list_with_invalid_entries ... ok
test handle_function_tests::test_expand_paths_nested_directories ... ok
test handle_function_tests::test_expand_paths_sorting ... ok
test handle_function_tests::test_expand_paths_whitespace_in_file_list ... ok
test sequence_file_tests::test_sequence_file_detection_through_expand ... ok
test test_expand_input_paths_directory ... ok
test test_expand_input_paths_empty_directory ... ok
test test_expand_input_paths_file_list ... ok
test test_expand_input_paths_mixed_extensions ... ok
test test_expand_input_paths_multiple_inputs ... ok
test test_expand_input_paths_nonexistent_file ... ok
test test_expand_input_paths_single_file ... ok

test result: ok. 13 passed; 0 failed; 0 ignored; 0 measured; 0 filtered out; finished in 0.00s

   Doc-tests jam_rs

running 0 tests

test result: ok. 0 passed; 0 failed; 0 ignored; 0 measured; 0 filtered out; finished in 0.00s

